ARM Linker, 5.03 [Build 76] [MDK-ARM Lite]

==============================================================================

Section Cross References

    startup.o(STACK) refers (Special) to heapauxi.o(.text) for __use_two_region_memory
    startup.o(HEAP) refers (Special) to heapauxi.o(.text) for __use_two_region_memory
    startup.o(RESET) refers (Special) to heapauxi.o(.text) for __use_two_region_memory
    startup.o(RESET) refers to startup.o(STACK) for StackMem
    startup.o(RESET) refers to main.o(i.GPIOPortF_Handler) for GPIOPortF_Handler
    startup.o(RESET) refers to texas.o(i.Timer4A_Handler) for Timer4A_Handler
    startup.o(RESET) refers to texas.o(i.Timer5A_Handler) for Timer5A_Handler
    startup.o(RESET) refers to __main.o(!!!main) for __main
    startup.o(.text) refers (Special) to heapauxi.o(.text) for __use_two_region_memory
    startup.o(.text) refers to startup.o(HEAP) for HeapMem
    startup.o(.text) refers to startup.o(STACK) for StackMem
    nokia5110.o(i.Nokia5110_Clear) refers to nokia5110.o(i.lcdwrite) for lcdwrite
    nokia5110.o(i.Nokia5110_Clear) refers to nokia5110.o(i.Nokia5110_SetCursor) for Nokia5110_SetCursor
    nokia5110.o(i.Nokia5110_ClearBuffer) refers to nokia5110.o(.bss) for Screen
    nokia5110.o(i.Nokia5110_DisplayBuffer) refers to nokia5110.o(i.Nokia5110_DrawFullImage) for Nokia5110_DrawFullImage
    nokia5110.o(i.Nokia5110_DisplayBuffer) refers to nokia5110.o(.bss) for Screen
    nokia5110.o(i.Nokia5110_DrawFullImage) refers to nokia5110.o(i.Nokia5110_SetCursor) for Nokia5110_SetCursor
    nokia5110.o(i.Nokia5110_DrawFullImage) refers to nokia5110.o(i.lcdwrite) for lcdwrite
    nokia5110.o(i.Nokia5110_Init) refers to nokia5110.o(i.lcdwrite) for lcdwrite
    nokia5110.o(i.Nokia5110_OutChar) refers to nokia5110.o(i.lcdwrite) for lcdwrite
    nokia5110.o(i.Nokia5110_OutChar) refers to nokia5110.o(.constdata) for ASCII
    nokia5110.o(i.Nokia5110_OutString) refers to nokia5110.o(i.Nokia5110_OutChar) for Nokia5110_OutChar
    nokia5110.o(i.Nokia5110_OutUDec) refers to nokia5110.o(i.Nokia5110_OutString) for Nokia5110_OutString
    nokia5110.o(i.Nokia5110_OutUDec) refers to nokia5110.o(i.Nokia5110_OutChar) for Nokia5110_OutChar
    nokia5110.o(i.Nokia5110_PrintBMP) refers to nokia5110.o(.bss) for Screen
    nokia5110.o(i.Nokia5110_SetCursor) refers to nokia5110.o(i.lcdwrite) for lcdwrite
    random.o(.text) refers to random.o(DATA) for M
    texas.o(i.SetCode) refers to texas.o(.bss) for TExaS
    texas.o(i.SetCourse) refers to texas.o(.bss) for TExaS
    texas.o(i.SetMode) refers to texas.o(.bss) for TExaS
    texas.o(i.StartTimer4) refers to texas.o(.data) for ScopeCount
    texas.o(i.TExaS_Init) refers to texas.o(i.PLL_Init) for PLL_Init
    texas.o(i.TExaS_Init) refers to texas.o(i.SetCourse) for SetCourse
    texas.o(i.TExaS_Init) refers to texas.o(i.UART0_Init) for UART0_Init
    texas.o(i.TExaS_Init) refers to texas.o(i.SetCode) for SetCode
    texas.o(i.TExaS_Init) refers to texas.o(i.ADC1_Init) for ADC1_Init
    texas.o(i.TExaS_Init) refers to texas.o(.constdata) for IntroMsg
    texas.o(i.TExaS_Init) refers to texas.o(.bss) for TExaS
    texas.o(i.TExaS_Init) refers to texas.o(.data) for LastMode
    texas.o(i.Timer5A_Handler) refers to texas.o(i.ADC1_In) for ADC1_In
    texas.o(i.Timer5A_Handler) refers to texas.o(.data) for TExaS_Period
    gpio.o(i.PortB_Init) refers to gpio.o(.data) for delay
    gpio.o(i.PortF_Init) refers to startup.o(.text) for EnableInterrupts
    gpio.o(i.PortF_Init) refers to gpio.o(.data) for delay
    timer.o(i.Timer2_delay) refers to timer.o(.data) for TimerCountt
    uart.o(i.UART_ConvertUDec) refers to uart.o(i.UART_OutString) for UART_OutString
    uart.o(i.UART_InUDec) refers to uart.o(i.UART_InChar) for UART_InChar
    uart.o(i.UART_InUDec) refers to uart.o(i.UART_OutChar) for UART_OutChar
    uart.o(i.UART_OutDistance) refers to uart.o(i.UART_ConvertDistance) for UART_ConvertDistance
    uart.o(i.UART_OutDistance) refers to uart.o(i.UART_OutString) for UART_OutString
    uart.o(i.UART_OutDistance) refers to uart.o(.bss) for String
    uart.o(i.UART_OutString) refers to uart.o(i.UART_OutChar) for UART_OutChar
    uart.o(i.UART_OutUDec) refers to uart.o(i.UART_ConvertUDec) for UART_ConvertUDec
    game.o(i.Again) refers to nokia5110.o(i.Nokia5110_ClearBuffer) for Nokia5110_ClearBuffer
    game.o(i.Again) refers to nokia5110.o(i.Nokia5110_SetCursor) for Nokia5110_SetCursor
    game.o(i.Again) refers to nokia5110.o(i.Nokia5110_OutString) for Nokia5110_OutString
    game.o(i.Again) refers to main.o(.data) for right
    game.o(i.ButtonsInit) refers to gpio.o(i.GPIO_SetPinDirection) for GPIO_SetPinDirection
    game.o(i.ButtonsInit) refers to gpio.o(i.GPIO_PullUp) for GPIO_PullUp
    game.o(i.ButtonsInit) refers to gpio.o(i.GPIO_DigitalEnable) for GPIO_DigitalEnable
    game.o(i.ButtonsInit) refers to gpio.o(i.GPIO_SelectInterruptSense) for GPIO_SelectInterruptSense
    game.o(i.ButtonsInit) refers to gpio.o(i.GPIO_ClearInterrupt) for GPIO_ClearInterrupt
    game.o(i.ButtonsInit) refers to gpio.o(i.GPIO_EnableInterrupt) for GPIO_EnableInterrupt
    game.o(i.ButtonsInit) refers to gpio.o(i.GPIO_SelectInterruptEvent) for GPIO_SelectInterruptEvent
    game.o(i.ButtonsInit) refers to gpio.o(i.GPIO_InterruptBothEdges) for GPIO_InterruptBothEdges
    game.o(i.Display_Who_wins) refers to nokia5110.o(i.Nokia5110_ClearBuffer) for Nokia5110_ClearBuffer
    game.o(i.Display_Who_wins) refers to nokia5110.o(i.Nokia5110_PrintBMP) for Nokia5110_PrintBMP
    game.o(i.Display_Who_wins) refers to nokia5110.o(i.Nokia5110_DisplayBuffer) for Nokia5110_DisplayBuffer
    game.o(i.Display_Who_wins) refers to nokia5110.o(i.Nokia5110_SetCursor) for Nokia5110_SetCursor
    game.o(i.Display_Who_wins) refers to nokia5110.o(i.Nokia5110_OutChar) for Nokia5110_OutChar
    game.o(i.Display_Who_wins) refers to nokia5110.o(i.Nokia5110_OutString) for Nokia5110_OutString
    game.o(i.Display_Who_wins) refers to timer.o(i.Timer2_delay) for Timer2_delay
    game.o(i.Display_Who_wins) refers to nokia5110.o(i.Nokia5110_Clear) for Nokia5110_Clear
    game.o(i.Display_Who_wins) refers to game.o(.constdata) for border
    game.o(i.EndGame) refers to nokia5110.o(i.Nokia5110_ClearBuffer) for Nokia5110_ClearBuffer
    game.o(i.EndGame) refers to nokia5110.o(i.Nokia5110_PrintBMP) for Nokia5110_PrintBMP
    game.o(i.EndGame) refers to nokia5110.o(i.Nokia5110_DisplayBuffer) for Nokia5110_DisplayBuffer
    game.o(i.EndGame) refers to nokia5110.o(i.Nokia5110_SetCursor) for Nokia5110_SetCursor
    game.o(i.EndGame) refers to nokia5110.o(i.Nokia5110_OutString) for Nokia5110_OutString
    game.o(i.EndGame) refers to timer.o(i.Timer2_delay) for Timer2_delay
    game.o(i.EndGame) refers to nokia5110.o(i.Nokia5110_Clear) for Nokia5110_Clear
    game.o(i.EndGame) refers to game.o(.constdata) for border
    game.o(i.Led_Init) refers to gpio.o(i.GPIO_SetPinDirection) for GPIO_SetPinDirection
    game.o(i.Led_Init) refers to gpio.o(i.GPIO_PullUp) for GPIO_PullUp
    game.o(i.Led_Init) refers to gpio.o(i.GPIO_DigitalEnable) for GPIO_DigitalEnable
    game.o(i.Reset) refers to timer.o(i.Timer2_delay) for Timer2_delay
    game.o(i.Reset) refers to game.o(.data) for p_Cells
    game.o(i.Reset) refers to game.o(.bss) for G_Matrix
    game.o(i.Start) refers to nokia5110.o(i.Nokia5110_PrintBMP) for Nokia5110_PrintBMP
    game.o(i.Start) refers to nokia5110.o(i.Nokia5110_DisplayBuffer) for Nokia5110_DisplayBuffer
    game.o(i.Start) refers to game.o(i.player_turn) for player_turn
    game.o(i.Start) refers to timer.o(i.Timer2_delay) for Timer2_delay
    game.o(i.Start) refers to main.o(.data) for right
    game.o(i.Start) refers to game.o(.data) for curr_Cell
    game.o(i.Start) refers to game.o(.bss) for G_Matrix
    game.o(i.Start) refers to game.o(.constdata) for Cell
    game.o(i.Start) refers to game.o(i.Who_Wins) for Who_Wins
    game.o(i.Start) refers to game.o(i.Display_Who_wins) for Display_Who_wins
    game.o(i.Start) refers to game.o(i.Again) for Again
    game.o(i.Start) refers to game.o(i.select_Mode) for select_Mode
    game.o(i.Start) refers to game.o(i.Reset) for Reset
    game.o(i.Start) refers to game.o(i.matrix) for matrix
    game.o(i.Start) refers to game.o(i.EndGame) for EndGame
    game.o(i.Start) refers to game.o(i.equality) for equality
    game.o(i.Start) refers to nokia5110.o(i.Nokia5110_SetCursor) for Nokia5110_SetCursor
    game.o(i.Start) refers to nokia5110.o(i.Nokia5110_OutString) for Nokia5110_OutString
    game.o(i.Welcome) refers to nokia5110.o(i.Nokia5110_SetCursor) for Nokia5110_SetCursor
    game.o(i.Welcome) refers to nokia5110.o(i.Nokia5110_OutString) for Nokia5110_OutString
    game.o(i.Welcome) refers to timer.o(i.Timer2_delay) for Timer2_delay
    game.o(i.Welcome) refers to nokia5110.o(i.Nokia5110_Clear) for Nokia5110_Clear
    game.o(i.Who_Wins) refers to nokia5110.o(i.Nokia5110_PrintBMP) for Nokia5110_PrintBMP
    game.o(i.Who_Wins) refers to timer.o(i.Timer2_delay) for Timer2_delay
    game.o(i.Who_Wins) refers to nokia5110.o(i.Nokia5110_DisplayBuffer) for Nokia5110_DisplayBuffer
    game.o(i.Who_Wins) refers to game.o(.bss) for G_Matrix
    game.o(i.Who_Wins) refers to game.o(.constdata) for Cell
    game.o(i.Who_Wins) refers to game.o(.data) for i
    game.o(i.equality) refers to timer.o(i.Timer2_delay) for Timer2_delay
    game.o(i.equality) refers to nokia5110.o(i.Nokia5110_Clear) for Nokia5110_Clear
    game.o(i.equality) refers to nokia5110.o(i.Nokia5110_SetCursor) for Nokia5110_SetCursor
    game.o(i.equality) refers to nokia5110.o(i.Nokia5110_OutString) for Nokia5110_OutString
    game.o(i.equality) refers to game.o(.data) for i
    game.o(i.matrix) refers to nokia5110.o(i.Nokia5110_ClearBuffer) for Nokia5110_ClearBuffer
    game.o(i.matrix) refers to nokia5110.o(i.Nokia5110_PrintBMP) for Nokia5110_PrintBMP
    game.o(i.matrix) refers to nokia5110.o(i.Nokia5110_DisplayBuffer) for Nokia5110_DisplayBuffer
    game.o(i.matrix) refers to timer.o(i.Timer2_delay) for Timer2_delay
    game.o(i.matrix) refers to game.o(i.player_turn) for player_turn
    game.o(i.matrix) refers to game.o(.constdata) for Cell
    game.o(i.player_turn) refers to nokia5110.o(i.Nokia5110_SetCursor) for Nokia5110_SetCursor
    game.o(i.player_turn) refers to nokia5110.o(i.Nokia5110_OutChar) for Nokia5110_OutChar
    game.o(i.player_turn) refers to nokia5110.o(i.Nokia5110_OutString) for Nokia5110_OutString
    game.o(i.player_turn) refers to game.o(.data) for p_letter
    game.o(i.select_Mode) refers to nokia5110.o(i.Nokia5110_ClearBuffer) for Nokia5110_ClearBuffer
    game.o(i.select_Mode) refers to nokia5110.o(i.Nokia5110_SetCursor) for Nokia5110_SetCursor
    game.o(i.select_Mode) refers to nokia5110.o(i.Nokia5110_OutString) for Nokia5110_OutString
    game.o(i.select_Mode) refers to main.o(.data) for right
    main.o(i.GPIOPortF_Handler) refers to timer.o(i.Timer2_delay) for Timer2_delay
    main.o(i.GPIOPortF_Handler) refers to gpio.o(i.GPIO_ReadPinValue) for GPIO_ReadPinValue
    main.o(i.GPIOPortF_Handler) refers to gpio.o(i.GPIO_ClearInterrupt) for GPIO_ClearInterrupt
    main.o(i.GPIOPortF_Handler) refers to main.o(.data) for flag
    main.o(i.main) refers to texas.o(i.TExaS_Init) for TExaS_Init
    main.o(i.main) refers to random.o(.text) for Random_Init
    main.o(i.main) refers to gpio.o(i.PortF_Init) for PortF_Init
    main.o(i.main) refers to gpio.o(i.PortB_Init) for PortB_Init
    main.o(i.main) refers to game.o(i.ButtonsInit) for ButtonsInit
    main.o(i.main) refers to game.o(i.Led_Init) for Led_Init
    main.o(i.main) refers to uart.o(i.UART_Init) for UART_Init
    main.o(i.main) refers to nokia5110.o(i.Nokia5110_Init) for Nokia5110_Init
    main.o(i.main) refers to nokia5110.o(i.Nokia5110_ClearBuffer) for Nokia5110_ClearBuffer
    main.o(i.main) refers to nokia5110.o(i.Nokia5110_DisplayBuffer) for Nokia5110_DisplayBuffer
    main.o(i.main) refers to game.o(i.Welcome) for Welcome
    main.o(i.main) refers to game.o(i.select_Mode) for select_Mode
    main.o(i.main) refers to game.o(i.Reset) for Reset
    main.o(i.main) refers to game.o(i.matrix) for matrix
    main.o(i.main) refers to game.o(i.Start) for Start
    main.o(i.main) refers to gpio.o(i.GPIO_ReadPinValue) for GPIO_ReadPinValue
    main.o(i.main) refers to interrupt.o(i.NVIC_Enable) for NVIC_Enable
    main.o(i.main) refers to uart.o(i.UART_OutString) for UART_OutString
    main.o(i.main) refers to uart.o(i.UART_InChar) for UART_InChar
    main.o(i.main) refers to uart.o(i.UART_OutChar) for UART_OutChar
    main.o(i.main) refers to main.o(.data) for uart
    __main.o(!!!main) refers to rtentry.o(.ARM.Collect$$rtentry$$00000000) for __rt_entry
    rtentry.o(.ARM.Collect$$rtentry$$00000000) refers (Special) to rtentry2.o(.ARM.Collect$$rtentry$$0000000A) for __rt_entry_li
    rtentry.o(.ARM.Collect$$rtentry$$00000000) refers (Special) to rtentry2.o(.ARM.Collect$$rtentry$$0000000D) for __rt_entry_main
    rtentry.o(.ARM.Collect$$rtentry$$00000000) refers (Special) to rtentry2.o(.ARM.Collect$$rtentry$$0000000C) for __rt_entry_postli_1
    rtentry.o(.ARM.Collect$$rtentry$$00000000) refers (Special) to rtentry2.o(.ARM.Collect$$rtentry$$00000009) for __rt_entry_postsh_1
    rtentry.o(.ARM.Collect$$rtentry$$00000000) refers (Special) to rtentry2.o(.ARM.Collect$$rtentry$$00000002) for __rt_entry_presh_1
    rtentry.o(.ARM.Collect$$rtentry$$00000000) refers (Special) to rtentry4.o(.ARM.Collect$$rtentry$$00000004) for __rt_entry_sh
    rtentry2.o(.ARM.Collect$$rtentry$$00000008) refers to boardinit2.o(.text) for _platform_post_stackheap_init
    rtentry2.o(.ARM.Collect$$rtentry$$0000000A) refers to libinit.o(.ARM.Collect$$libinit$$00000000) for __rt_lib_init
    rtentry2.o(.ARM.Collect$$rtentry$$0000000B) refers to boardinit3.o(.text) for _platform_post_lib_init
    rtentry2.o(.ARM.Collect$$rtentry$$0000000D) refers to main.o(i.main) for main
    rtentry2.o(.ARM.Collect$$rtentry$$0000000D) refers to exit.o(.text) for exit
    rtentry2.o(.ARM.exidx) refers to rtentry2.o(.ARM.Collect$$rtentry$$00000001) for .ARM.Collect$$rtentry$$00000001
    rtentry2.o(.ARM.exidx) refers to rtentry2.o(.ARM.Collect$$rtentry$$00000008) for .ARM.Collect$$rtentry$$00000008
    rtentry2.o(.ARM.exidx) refers to rtentry2.o(.ARM.Collect$$rtentry$$0000000A) for .ARM.Collect$$rtentry$$0000000A
    rtentry2.o(.ARM.exidx) refers to rtentry2.o(.ARM.Collect$$rtentry$$0000000B) for .ARM.Collect$$rtentry$$0000000B
    rtentry2.o(.ARM.exidx) refers to rtentry2.o(.ARM.Collect$$rtentry$$0000000D) for .ARM.Collect$$rtentry$$0000000D
    rtentry4.o(.ARM.Collect$$rtentry$$00000004) refers to sys_stackheap_outer.o(.text) for __user_setup_stackheap
    rtentry4.o(.ARM.exidx) refers to rtentry4.o(.ARM.Collect$$rtentry$$00000004) for .ARM.Collect$$rtentry$$00000004
    sys_stackheap_outer.o(.text) refers to libspace.o(.text) for __user_perproc_libspace
    sys_stackheap_outer.o(.text) refers to startup.o(.text) for __user_initial_stackheap
    exit.o(.text) refers to rtexit.o(.ARM.Collect$$rtexit$$00000000) for __rt_exit
    libinit.o(.ARM.Collect$$libinit$$00000000) refers (Special) to libinit2.o(.ARM.Collect$$libinit$$0000002C) for __rt_lib_init_alloca_1
    libinit.o(.ARM.Collect$$libinit$$00000000) refers (Special) to libinit2.o(.ARM.Collect$$libinit$$0000002A) for __rt_lib_init_argv_1
    libinit.o(.ARM.Collect$$libinit$$00000000) refers (Special) to libinit2.o(.ARM.Collect$$libinit$$00000019) for __rt_lib_init_atexit_1
    libinit.o(.ARM.Collect$$libinit$$00000000) refers (Special) to libinit2.o(.ARM.Collect$$libinit$$0000001F) for __rt_lib_init_clock_1
    libinit.o(.ARM.Collect$$libinit$$00000000) refers (Special) to libinit2.o(.ARM.Collect$$libinit$$00000030) for __rt_lib_init_cpp_1
    libinit.o(.ARM.Collect$$libinit$$00000000) refers (Special) to libinit2.o(.ARM.Collect$$libinit$$0000002E) for __rt_lib_init_exceptions_1
    libinit.o(.ARM.Collect$$libinit$$00000000) refers (Special) to libinit2.o(.ARM.Collect$$libinit$$00000002) for __rt_lib_init_fp_1
    libinit.o(.ARM.Collect$$libinit$$00000000) refers (Special) to libinit2.o(.ARM.Collect$$libinit$$0000001D) for __rt_lib_init_fp_trap_1
    libinit.o(.ARM.Collect$$libinit$$00000000) refers (Special) to libinit2.o(.ARM.Collect$$libinit$$00000021) for __rt_lib_init_getenv_1
    libinit.o(.ARM.Collect$$libinit$$00000000) refers (Special) to libinit2.o(.ARM.Collect$$libinit$$00000008) for __rt_lib_init_heap_1
    libinit.o(.ARM.Collect$$libinit$$00000000) refers (Special) to libinit2.o(.ARM.Collect$$libinit$$0000000F) for __rt_lib_init_lc_collate_1
    libinit.o(.ARM.Collect$$libinit$$00000000) refers (Special) to libinit2.o(.ARM.Collect$$libinit$$00000011) for __rt_lib_init_lc_ctype_1
    libinit.o(.ARM.Collect$$libinit$$00000000) refers (Special) to libinit2.o(.ARM.Collect$$libinit$$00000013) for __rt_lib_init_lc_monetary_1
    libinit.o(.ARM.Collect$$libinit$$00000000) refers (Special) to libinit2.o(.ARM.Collect$$libinit$$00000015) for __rt_lib_init_lc_numeric_1
    libinit.o(.ARM.Collect$$libinit$$00000000) refers (Special) to libinit2.o(.ARM.Collect$$libinit$$00000017) for __rt_lib_init_lc_time_1
    libinit.o(.ARM.Collect$$libinit$$00000000) refers (Special) to libinit2.o(.ARM.Collect$$libinit$$0000000C) for __rt_lib_init_rand_1
    libinit.o(.ARM.Collect$$libinit$$00000000) refers (Special) to libinit2.o(.ARM.Collect$$libinit$$00000031) for __rt_lib_init_return
    libinit.o(.ARM.Collect$$libinit$$00000000) refers (Special) to libinit2.o(.ARM.Collect$$libinit$$0000001B) for __rt_lib_init_signal_1
    libinit.o(.ARM.Collect$$libinit$$00000000) refers (Special) to libinit2.o(.ARM.Collect$$libinit$$00000023) for __rt_lib_init_stdio_1
    libinit.o(.ARM.Collect$$libinit$$00000000) refers (Special) to libinit2.o(.ARM.Collect$$libinit$$0000000A) for __rt_lib_init_user_alloc_1
    libspace.o(.text) refers to libspace.o(.bss) for __libspace_start
    rtexit.o(.ARM.Collect$$rtexit$$00000000) refers (Special) to rtexit2.o(.ARM.Collect$$rtexit$$00000004) for __rt_exit_exit
    rtexit.o(.ARM.Collect$$rtexit$$00000000) refers (Special) to rtexit2.o(.ARM.Collect$$rtexit$$00000003) for __rt_exit_ls
    rtexit.o(.ARM.Collect$$rtexit$$00000000) refers (Special) to rtexit2.o(.ARM.Collect$$rtexit$$00000002) for __rt_exit_prels_1
    rtexit.o(.ARM.exidx) refers (Special) to rtexit2.o(.ARM.Collect$$rtexit$$00000004) for __rt_exit_exit
    rtexit.o(.ARM.exidx) refers (Special) to rtexit2.o(.ARM.Collect$$rtexit$$00000003) for __rt_exit_ls
    rtexit.o(.ARM.exidx) refers (Special) to rtexit2.o(.ARM.Collect$$rtexit$$00000002) for __rt_exit_prels_1
    rtexit.o(.ARM.exidx) refers to rtexit.o(.ARM.Collect$$rtexit$$00000000) for .ARM.Collect$$rtexit$$00000000
    libinit2.o(.ARM.Collect$$libinit$$0000000E) refers to libinit2.o(.ARM.Collect$$libinit$$0000000D) for .ARM.Collect$$libinit$$0000000D
    libinit2.o(.ARM.Collect$$libinit$$00000010) refers to libinit2.o(.ARM.Collect$$libinit$$0000000D) for .ARM.Collect$$libinit$$0000000D
    libinit2.o(.ARM.Collect$$libinit$$00000012) refers to libinit2.o(.ARM.Collect$$libinit$$0000000D) for .ARM.Collect$$libinit$$0000000D
    libinit2.o(.ARM.Collect$$libinit$$00000014) refers to libinit2.o(.ARM.Collect$$libinit$$0000000D) for .ARM.Collect$$libinit$$0000000D
    libinit2.o(.ARM.Collect$$libinit$$00000016) refers to libinit2.o(.ARM.Collect$$libinit$$0000000D) for .ARM.Collect$$libinit$$0000000D
    libinit2.o(.ARM.Collect$$libinit$$00000024) refers to argv_veneer.o(.emb_text) for __ARM_argv_veneer
    libinit2.o(.ARM.Collect$$libinit$$00000025) refers to argv_veneer.o(.emb_text) for __ARM_argv_veneer
    rtexit2.o(.ARM.Collect$$rtexit$$00000003) refers to libshutdown.o(.ARM.Collect$$libshutdown$$00000000) for __rt_lib_shutdown
    rtexit2.o(.ARM.Collect$$rtexit$$00000004) refers to sys_exit.o(.text) for _sys_exit
    rtexit2.o(.ARM.exidx) refers to rtexit2.o(.ARM.Collect$$rtexit$$00000001) for .ARM.Collect$$rtexit$$00000001
    rtexit2.o(.ARM.exidx) refers to rtexit2.o(.ARM.Collect$$rtexit$$00000003) for .ARM.Collect$$rtexit$$00000003
    rtexit2.o(.ARM.exidx) refers to rtexit2.o(.ARM.Collect$$rtexit$$00000004) for .ARM.Collect$$rtexit$$00000004
    argv_veneer.o(.emb_text) refers to no_argv.o(.text) for __ARM_get_argv
    sys_exit.o(.text) refers (Special) to use_no_semi.o(.text) for __I$use$semihosting
    sys_exit.o(.text) refers (Special) to indicate_semi.o(.text) for __semihosting_library_function
    _get_argv_nomalloc.o(.text) refers (Special) to hrguard.o(.text) for __heap_region$guard
    _get_argv_nomalloc.o(.text) refers to defsig_rtmem_outer.o(.text) for __rt_SIGRTMEM
    _get_argv_nomalloc.o(.text) refers to sys_command.o(.text) for _sys_command_string
    libshutdown.o(.ARM.Collect$$libshutdown$$00000000) refers (Special) to libshutdown2.o(.ARM.Collect$$libshutdown$$00000006) for __rt_lib_shutdown_fp_trap_1
    libshutdown.o(.ARM.Collect$$libshutdown$$00000000) refers (Special) to libshutdown2.o(.ARM.Collect$$libshutdown$$0000000E) for __rt_lib_shutdown_heap_1
    libshutdown.o(.ARM.Collect$$libshutdown$$00000000) refers (Special) to libshutdown2.o(.ARM.Collect$$libshutdown$$0000000F) for __rt_lib_shutdown_return
    libshutdown.o(.ARM.Collect$$libshutdown$$00000000) refers (Special) to libshutdown2.o(.ARM.Collect$$libshutdown$$00000009) for __rt_lib_shutdown_signal_1
    libshutdown.o(.ARM.Collect$$libshutdown$$00000000) refers (Special) to libshutdown2.o(.ARM.Collect$$libshutdown$$00000003) for __rt_lib_shutdown_stdio_1
    libshutdown.o(.ARM.Collect$$libshutdown$$00000000) refers (Special) to libshutdown2.o(.ARM.Collect$$libshutdown$$0000000B) for __rt_lib_shutdown_user_alloc_1
    sys_command.o(.text) refers (Special) to use_no_semi.o(.text) for __I$use$semihosting
    sys_command.o(.text) refers (Special) to indicate_semi.o(.text) for __semihosting_library_function
    defsig_rtmem_outer.o(.text) refers to defsig_rtmem_inner.o(.text) for __rt_SIGRTMEM_inner
    defsig_rtmem_outer.o(.text) refers to defsig_exit.o(.text) for __sig_exit
    defsig_rtmem_formal.o(.text) refers to rt_raise.o(.text) for __rt_raise
    rt_raise.o(.text) refers to __raise.o(.text) for __raise
    rt_raise.o(.text) refers to sys_exit.o(.text) for _sys_exit
    defsig_exit.o(.text) refers to sys_exit.o(.text) for _sys_exit
    defsig_rtmem_inner.o(.text) refers to defsig_general.o(.text) for __default_signal_display
    __raise.o(.text) refers to defsig.o(CL$$defsig) for __default_signal_handler
    defsig_general.o(.text) refers to sys_wrch.o(.text) for _ttywrch
    sys_wrch.o(.text) refers (Special) to use_no_semi.o(.text) for __I$use$semihosting
    sys_wrch.o(.text) refers (Special) to indicate_semi.o(.text) for __semihosting_library_function
    defsig.o(CL$$defsig) refers to defsig_rtmem_inner.o(.text) for __rt_SIGRTMEM_inner
    defsig_abrt_inner.o(.text) refers to defsig_general.o(.text) for __default_signal_display
    defsig_fpe_inner.o(.text) refers to defsig_general.o(.text) for __default_signal_display
    defsig_rtred_inner.o(.text) refers to defsig_general.o(.text) for __default_signal_display
    defsig_stak_inner.o(.text) refers to defsig_general.o(.text) for __default_signal_display
    defsig_pvfn_inner.o(.text) refers to defsig_general.o(.text) for __default_signal_display
    defsig_cppl_inner.o(.text) refers to defsig_general.o(.text) for __default_signal_display
    defsig_segv_inner.o(.text) refers to defsig_general.o(.text) for __default_signal_display
    defsig_other.o(.text) refers to defsig_general.o(.text) for __default_signal_display


==============================================================================

Removing Unused input sections from the image.

    Removing nokia5110.o(i.Nokia5110_OutUDec), (412 bytes).
    Removing texas.o(i.SetMode), (24 bytes).
    Removing texas.o(i.StartTimer4), (36 bytes).
    Removing texas.o(i.StopTimer4), (24 bytes).
    Removing texas.o(i.TExaS_Stop), (28 bytes).
    Removing texas.o(i.UART0_InChar), (24 bytes).
    Removing texas.o(i.UART0_InCharNonBlocking), (28 bytes).
    Removing texas.o(i.UART0_OutChar), (24 bytes).
    Removing texas.o(i.UART0_OutCharNonBlock), (12 bytes).
    Removing texas.o(i.copy), (18 bytes).
    Removing gpio.o(i.GPIO_DisableInterrupt), (140 bytes).
    Removing gpio.o(i.GPIO_PullDown), (260 bytes).
    Removing gpio.o(i.GPIO_SelectAlterFunction), (140 bytes).
    Removing gpio.o(i.GPIO_writePin), (260 bytes).
    Removing interrupt.o(i.NVIC_ClearPendingFlag), (44 bytes).
    Removing interrupt.o(i.NVIC_Disable), (92 bytes).
    Removing interrupt.o(i.NVIC_SetPendingFlag), (44 bytes).
    Removing uart.o(i.UART_ConvertDistance), (2 bytes).
    Removing uart.o(i.UART_ConvertUDec), (28 bytes).
    Removing uart.o(i.UART_InCharNonBlocking), (28 bytes).
    Removing uart.o(i.UART_InUDec), (76 bytes).
    Removing uart.o(i.UART_OutDistance), (24 bytes).
    Removing uart.o(i.UART_OutUDec), (12 bytes).
    Removing uart.o(.bss), (10 bytes).
    Removing main.o(.constdata), (480 bytes).

25 unused section(s) (total 2270 bytes) removed from the image.

==============================================================================

Image Symbol Table

    Local Symbols

    Symbol Name                              Value     Ov Type        Size  Object(Section)

    RESET                                    0x00000000   Section      644  startup.o(RESET)
    ../clib/angel/boardlib.s                 0x00000000   Number         0  boardinit1.o ABSOLUTE
    ../clib/angel/boardlib.s                 0x00000000   Number         0  boardshut.o ABSOLUTE
    ../clib/angel/boardlib.s                 0x00000000   Number         0  boardinit2.o ABSOLUTE
    ../clib/angel/boardlib.s                 0x00000000   Number         0  boardinit3.o ABSOLUTE
    ../clib/angel/handlers.s                 0x00000000   Number         0  __scatter_copy.o ABSOLUTE
    ../clib/angel/handlers.s                 0x00000000   Number         0  __scatter_zi.o ABSOLUTE
    ../clib/angel/kernel.s                   0x00000000   Number         0  rtexit.o ABSOLUTE
    ../clib/angel/kernel.s                   0x00000000   Number         0  rtexit2.o ABSOLUTE
    ../clib/angel/kernel.s                   0x00000000   Number         0  rtentry2.o ABSOLUTE
    ../clib/angel/kernel.s                   0x00000000   Number         0  rtentry.o ABSOLUTE
    ../clib/angel/kernel.s                   0x00000000   Number         0  rtentry4.o ABSOLUTE
    ../clib/angel/rt.s                       0x00000000   Number         0  rt_raise.o ABSOLUTE
    ../clib/angel/scatter.s                  0x00000000   Number         0  __scatter.o ABSOLUTE
    ../clib/angel/startup.s                  0x00000000   Number         0  __main.o ABSOLUTE
    ../clib/angel/sys.s                      0x00000000   Number         0  sys_stackheap_outer.o ABSOLUTE
    ../clib/angel/sys.s                      0x00000000   Number         0  indicate_semi.o ABSOLUTE
    ../clib/angel/sys.s                      0x00000000   Number         0  use_no_semi.o ABSOLUTE
    ../clib/angel/sys.s                      0x00000000   Number         0  libspace.o ABSOLUTE
    ../clib/angel/sysapp.c                   0x00000000   Number         0  sys_exit.o ABSOLUTE
    ../clib/angel/sysapp.c                   0x00000000   Number         0  sys_wrch.o ABSOLUTE
    ../clib/angel/sysapp.c                   0x00000000   Number         0  sys_command.o ABSOLUTE
    ../clib/armsys.c                         0x00000000   Number         0  argv_veneer.o ABSOLUTE
    ../clib/armsys.c                         0x00000000   Number         0  no_argv.o ABSOLUTE
    ../clib/armsys.c                         0x00000000   Number         0  _get_argv_nomalloc.o ABSOLUTE
    ../clib/armsys.c                         0x00000000   Number         0  argv_veneer.o ABSOLUTE
    ../clib/heapalloc.c                      0x00000000   Number         0  hrguard.o ABSOLUTE
    ../clib/heapaux.c                        0x00000000   Number         0  heapauxi.o ABSOLUTE
    ../clib/libinit.s                        0x00000000   Number         0  libinit.o ABSOLUTE
    ../clib/libinit.s                        0x00000000   Number         0  libinit2.o ABSOLUTE
    ../clib/libinit.s                        0x00000000   Number         0  libshutdown2.o ABSOLUTE
    ../clib/libinit.s                        0x00000000   Number         0  libshutdown.o ABSOLUTE
    ../clib/signal.c                         0x00000000   Number         0  defsig_stak_inner.o ABSOLUTE
    ../clib/signal.c                         0x00000000   Number         0  defsig_rtmem_formal.o ABSOLUTE
    ../clib/signal.c                         0x00000000   Number         0  defsig_other.o ABSOLUTE
    ../clib/signal.c                         0x00000000   Number         0  defsig_segv_inner.o ABSOLUTE
    ../clib/signal.c                         0x00000000   Number         0  defsig_cppl_inner.o ABSOLUTE
    ../clib/signal.c                         0x00000000   Number         0  defsig_pvfn_inner.o ABSOLUTE
    ../clib/signal.c                         0x00000000   Number         0  defsig_rtred_inner.o ABSOLUTE
    ../clib/signal.c                         0x00000000   Number         0  defsig_fpe_inner.o ABSOLUTE
    ../clib/signal.c                         0x00000000   Number         0  defsig_abrt_inner.o ABSOLUTE
    ../clib/signal.c                         0x00000000   Number         0  defsig_general.o ABSOLUTE
    ../clib/signal.c                         0x00000000   Number         0  __raise.o ABSOLUTE
    ../clib/signal.c                         0x00000000   Number         0  defsig_rtmem_inner.o ABSOLUTE
    ../clib/signal.c                         0x00000000   Number         0  defsig_exit.o ABSOLUTE
    ../clib/signal.c                         0x00000000   Number         0  defsig_rtmem_outer.o ABSOLUTE
    ../clib/signal.s                         0x00000000   Number         0  defsig.o ABSOLUTE
    ../clib/stdlib.c                         0x00000000   Number         0  exit.o ABSOLUTE
    ../fplib/fpinit.s                        0x00000000   Number         0  fpinit.o ABSOLUTE
    GAME.c                                   0x00000000   Number         0  game.o ABSOLUTE
    Nokia5110.c                              0x00000000   Number         0  nokia5110.o ABSOLUTE
    TExaS.c                                  0x00000000   Number         0  texas.o ABSOLUTE
    dc.s                                     0x00000000   Number         0  dc.o ABSOLUTE
    gpio.c                                   0x00000000   Number         0  gpio.o ABSOLUTE
    interrupt.c                              0x00000000   Number         0  interrupt.o ABSOLUTE
    main.c                                   0x00000000   Number         0  main.o ABSOLUTE
    random.s                                 0x00000000   Number         0  random.o ABSOLUTE
    startup.s                                0x00000000   Number         0  startup.o ABSOLUTE
    timer.c                                  0x00000000   Number         0  timer.o ABSOLUTE
    uart.c                                   0x00000000   Number         0  uart.o ABSOLUTE
    !!!main                                  0x00000284   Section        8  __main.o(!!!main)
    !!!scatter                               0x0000028c   Section       52  __scatter.o(!!!scatter)
    !!handler_copy                           0x000002c0   Section       26  __scatter_copy.o(!!handler_copy)
    !!handler_zi                             0x000002dc   Section       28  __scatter_zi.o(!!handler_zi)
    .ARM.Collect$$libinit$$00000000          0x000002f8   Section        2  libinit.o(.ARM.Collect$$libinit$$00000000)
    .ARM.Collect$$libinit$$00000002          0x000002fa   Section        0  libinit2.o(.ARM.Collect$$libinit$$00000002)
    .ARM.Collect$$libinit$$00000008          0x000002fa   Section        0  libinit2.o(.ARM.Collect$$libinit$$00000008)
    .ARM.Collect$$libinit$$0000000A          0x000002fa   Section        0  libinit2.o(.ARM.Collect$$libinit$$0000000A)
    .ARM.Collect$$libinit$$0000000C          0x000002fa   Section        0  libinit2.o(.ARM.Collect$$libinit$$0000000C)
    .ARM.Collect$$libinit$$0000000F          0x000002fa   Section        0  libinit2.o(.ARM.Collect$$libinit$$0000000F)
    .ARM.Collect$$libinit$$00000011          0x000002fa   Section        0  libinit2.o(.ARM.Collect$$libinit$$00000011)
    .ARM.Collect$$libinit$$00000013          0x000002fa   Section        0  libinit2.o(.ARM.Collect$$libinit$$00000013)
    .ARM.Collect$$libinit$$00000015          0x000002fa   Section        0  libinit2.o(.ARM.Collect$$libinit$$00000015)
    .ARM.Collect$$libinit$$00000017          0x000002fa   Section        0  libinit2.o(.ARM.Collect$$libinit$$00000017)
    .ARM.Collect$$libinit$$00000019          0x000002fa   Section        0  libinit2.o(.ARM.Collect$$libinit$$00000019)
    .ARM.Collect$$libinit$$0000001B          0x000002fa   Section        0  libinit2.o(.ARM.Collect$$libinit$$0000001B)
    .ARM.Collect$$libinit$$0000001D          0x000002fa   Section        0  libinit2.o(.ARM.Collect$$libinit$$0000001D)
    .ARM.Collect$$libinit$$0000001F          0x000002fa   Section        0  libinit2.o(.ARM.Collect$$libinit$$0000001F)
    .ARM.Collect$$libinit$$00000021          0x000002fa   Section        0  libinit2.o(.ARM.Collect$$libinit$$00000021)
    .ARM.Collect$$libinit$$00000023          0x000002fa   Section        0  libinit2.o(.ARM.Collect$$libinit$$00000023)
    .ARM.Collect$$libinit$$0000002A          0x000002fa   Section        0  libinit2.o(.ARM.Collect$$libinit$$0000002A)
    .ARM.Collect$$libinit$$0000002C          0x000002fa   Section        0  libinit2.o(.ARM.Collect$$libinit$$0000002C)
    .ARM.Collect$$libinit$$0000002E          0x000002fa   Section        0  libinit2.o(.ARM.Collect$$libinit$$0000002E)
    .ARM.Collect$$libinit$$00000030          0x000002fa   Section        0  libinit2.o(.ARM.Collect$$libinit$$00000030)
    .ARM.Collect$$libinit$$00000031          0x000002fa   Section        2  libinit2.o(.ARM.Collect$$libinit$$00000031)
    .ARM.Collect$$libshutdown$$00000000      0x000002fc   Section        2  libshutdown.o(.ARM.Collect$$libshutdown$$00000000)
    .ARM.Collect$$libshutdown$$00000003      0x000002fe   Section        0  libshutdown2.o(.ARM.Collect$$libshutdown$$00000003)
    .ARM.Collect$$libshutdown$$00000006      0x000002fe   Section        0  libshutdown2.o(.ARM.Collect$$libshutdown$$00000006)
    .ARM.Collect$$libshutdown$$00000009      0x000002fe   Section        0  libshutdown2.o(.ARM.Collect$$libshutdown$$00000009)
    .ARM.Collect$$libshutdown$$0000000B      0x000002fe   Section        0  libshutdown2.o(.ARM.Collect$$libshutdown$$0000000B)
    .ARM.Collect$$libshutdown$$0000000E      0x000002fe   Section        0  libshutdown2.o(.ARM.Collect$$libshutdown$$0000000E)
    .ARM.Collect$$libshutdown$$0000000F      0x000002fe   Section        2  libshutdown2.o(.ARM.Collect$$libshutdown$$0000000F)
    .ARM.Collect$$rtentry$$00000000          0x00000300   Section        0  rtentry.o(.ARM.Collect$$rtentry$$00000000)
    .ARM.Collect$$rtentry$$00000002          0x00000300   Section        0  rtentry2.o(.ARM.Collect$$rtentry$$00000002)
    .ARM.Collect$$rtentry$$00000004          0x00000300   Section        6  rtentry4.o(.ARM.Collect$$rtentry$$00000004)
    .ARM.Collect$$rtentry$$00000009          0x00000306   Section        0  rtentry2.o(.ARM.Collect$$rtentry$$00000009)
    .ARM.Collect$$rtentry$$0000000A          0x00000306   Section        4  rtentry2.o(.ARM.Collect$$rtentry$$0000000A)
    .ARM.Collect$$rtentry$$0000000C          0x0000030a   Section        0  rtentry2.o(.ARM.Collect$$rtentry$$0000000C)
    .ARM.Collect$$rtentry$$0000000D          0x0000030a   Section        8  rtentry2.o(.ARM.Collect$$rtentry$$0000000D)
    .ARM.Collect$$rtexit$$00000000           0x00000312   Section        2  rtexit.o(.ARM.Collect$$rtexit$$00000000)
    .ARM.Collect$$rtexit$$00000002           0x00000314   Section        0  rtexit2.o(.ARM.Collect$$rtexit$$00000002)
    .ARM.Collect$$rtexit$$00000003           0x00000314   Section        4  rtexit2.o(.ARM.Collect$$rtexit$$00000003)
    .ARM.Collect$$rtexit$$00000004           0x00000318   Section        6  rtexit2.o(.ARM.Collect$$rtexit$$00000004)
    .text                                    0x00000320   Section       48  startup.o(.text)
    .text                                    0x00000350   Section       64  random.o(.text)
    .text                                    0x00000390   Section        0  heapauxi.o(.text)
    .text                                    0x00000396   Section       74  sys_stackheap_outer.o(.text)
    .text                                    0x000003e0   Section        0  exit.o(.text)
    .text                                    0x000003ec   Section        8  libspace.o(.text)
    .text                                    0x000003f4   Section        0  sys_exit.o(.text)
    .text                                    0x00000400   Section        2  use_no_semi.o(.text)
    .text                                    0x00000402   Section        0  indicate_semi.o(.text)
    i.ADC1_In                                0x00000404   Section        0  texas.o(i.ADC1_In)
    i.ADC1_Init                              0x00000410   Section        0  texas.o(i.ADC1_Init)
    i.Again                                  0x000004e4   Section        0  game.o(i.Again)
    i.ButtonsInit                            0x00000568   Section        0  game.o(i.ButtonsInit)
    i.Display_Who_wins                       0x000006e8   Section        0  game.o(i.Display_Who_wins)
    i.EndGame                                0x00000748   Section        0  game.o(i.EndGame)
    i.GPIOPortF_Handler                      0x00000784   Section        0  main.o(i.GPIOPortF_Handler)
    i.GPIO_ClearInterrupt                    0x00000880   Section        0  gpio.o(i.GPIO_ClearInterrupt)
    i.GPIO_DigitalEnable                     0x0000090c   Section        0  gpio.o(i.GPIO_DigitalEnable)
    i.GPIO_EnableInterrupt                   0x00000a10   Section        0  gpio.o(i.GPIO_EnableInterrupt)
    i.GPIO_InterruptBothEdges                0x00000a9c   Section        0  gpio.o(i.GPIO_InterruptBothEdges)
    i.GPIO_PullUp                            0x00000ba0   Section        0  gpio.o(i.GPIO_PullUp)
    i.GPIO_ReadPinValue                      0x00000ca4   Section        0  gpio.o(i.GPIO_ReadPinValue)
    i.GPIO_SelectInterruptEvent              0x00000d4c   Section        0  gpio.o(i.GPIO_SelectInterruptEvent)
    i.GPIO_SelectInterruptSense              0x00000e50   Section        0  gpio.o(i.GPIO_SelectInterruptSense)
    i.GPIO_SetPinDirection                   0x00000f48   Section        0  gpio.o(i.GPIO_SetPinDirection)
    i.Led_Init                               0x0000104c   Section        0  game.o(i.Led_Init)
    i.NVIC_Enable                            0x000010c8   Section        0  interrupt.o(i.NVIC_Enable)
    i.Nokia5110_Clear                        0x00001124   Section        0  nokia5110.o(i.Nokia5110_Clear)
    i.Nokia5110_ClearBuffer                  0x00001144   Section        0  nokia5110.o(i.Nokia5110_ClearBuffer)
    i.Nokia5110_DisplayBuffer                0x0000115c   Section        0  nokia5110.o(i.Nokia5110_DisplayBuffer)
    i.Nokia5110_DrawFullImage                0x0000116c   Section        0  nokia5110.o(i.Nokia5110_DrawFullImage)
    i.Nokia5110_Init                         0x00001190   Section        0  nokia5110.o(i.Nokia5110_Init)
    i.Nokia5110_OutChar                      0x000012fc   Section        0  nokia5110.o(i.Nokia5110_OutChar)
    i.Nokia5110_OutString                    0x00001334   Section        0  nokia5110.o(i.Nokia5110_OutString)
    i.Nokia5110_PrintBMP                     0x0000134c   Section        0  nokia5110.o(i.Nokia5110_PrintBMP)
    i.Nokia5110_SetCursor                    0x000014f4   Section        0  nokia5110.o(i.Nokia5110_SetCursor)
    i.PLL_Init                               0x00001524   Section        0  texas.o(i.PLL_Init)
    i.PortB_Init                             0x000015a0   Section        0  gpio.o(i.PortB_Init)
    i.PortF_Init                             0x00001608   Section        0  gpio.o(i.PortF_Init)
    i.Reset                                  0x000016c4   Section        0  game.o(i.Reset)
    i.SetCode                                0x00001734   Section        0  texas.o(i.SetCode)
    i.SetCourse                              0x0000174c   Section        0  texas.o(i.SetCourse)
    i.Start                                  0x00001764   Section        0  game.o(i.Start)
    i.TExaS_Init                             0x0000211c   Section        0  texas.o(i.TExaS_Init)
    i.Timer2_delay                           0x000022e0   Section        0  timer.o(i.Timer2_delay)
    i.Timer4A_Handler                        0x0000234c   Section        0  texas.o(i.Timer4A_Handler)
    i.Timer5A_Handler                        0x0000236c   Section        0  texas.o(i.Timer5A_Handler)
    i.UART0_Init                             0x0000239c   Section        0  texas.o(i.UART0_Init)
    i.UART_InChar                            0x0000245c   Section        0  uart.o(i.UART_InChar)
    i.UART_Init                              0x00002474   Section        0  uart.o(i.UART_Init)
    i.UART_OutChar                           0x0000250c   Section        0  uart.o(i.UART_OutChar)
    i.UART_OutString                         0x00002524   Section        0  uart.o(i.UART_OutString)
    i.Welcome                                0x0000253c   Section        0  game.o(i.Welcome)
    i.Who_Wins                               0x00002580   Section        0  game.o(i.Who_Wins)
    i.equality                               0x000029e8   Section        0  game.o(i.equality)
    i.lcdwrite                               0x00002acc   Section        0  nokia5110.o(i.lcdwrite)
    lcdwrite                                 0x00002acd   Thumb Code    66  nokia5110.o(i.lcdwrite)
    i.main                                   0x00002b18   Section        0  main.o(i.main)
    i.matrix                                 0x00002c70   Section        0  game.o(i.matrix)
    i.player_turn                            0x00002dcc   Section        0  game.o(i.player_turn)
    i.select_Mode                            0x00002e08   Section        0  game.o(i.select_Mode)
    .constdata                               0x00002e94   Section      480  nokia5110.o(.constdata)
    ASCII                                    0x00002e94   Data         480  nokia5110.o(.constdata)
    .constdata                               0x00003074   Section      360  texas.o(.constdata)
    .constdata                               0x000031dc   Section     6328  game.o(.constdata)
    ASCII                                    0x000031dc   Data         480  game.o(.constdata)
    .data                                    0x20000000   Section       52  texas.o(.data)
    .data                                    0x20000034   Section        4  gpio.o(.data)
    .data                                    0x20000038   Section        8  timer.o(.data)
    .data                                    0x20000040   Section        6  game.o(.data)
    .data                                    0x20000048   Section       17  main.o(.data)
    DATA                                     0x2000005c   Section        4  random.o(DATA)
    M                                        0x2000005c   Data           4  random.o(DATA)
    .bss                                     0x20000060   Section      504  nokia5110.o(.bss)
    .bss                                     0x20000258   Section       56  texas.o(.bss)
    .bss                                     0x20000290   Section        9  game.o(.bss)
    .bss                                     0x2000029c   Section       96  libspace.o(.bss)
    HEAP                                     0x20000300   Section        0  startup.o(HEAP)
    STACK                                    0x20000300   Section     1024  startup.o(STACK)
    HeapMem                                  0x20000300   Data           0  startup.o(HEAP)
    StackMem                                 0x20000300   Data           0  startup.o(STACK)

    Global Symbols

    Symbol Name                              Value     Ov Type        Size  Object(Section)

    BuildAttributes$$THM_ISAv4$E$P$D$K$B$S$7EM$PE$A:L22UL41UL21$X:L11$S22US41US21$IEEE1$IW$USESV6$~STKCKD$USESV7$~SHL$OSPACE$ROPI$EBA8$UX$STANDARDLIB$REQ8$PRES8$EABIv2 0x00000000   Number         0  anon$$obj.o ABSOLUTE
    __ARM_use_no_argv                        0x00000000   Number         0  main.o ABSOLUTE
    __Vectors                                0x00000000   Data           0  startup.o(RESET)
    __ARM_exceptions_init                     - Undefined Weak Reference
    __alloca_initialize                       - Undefined Weak Reference
    __cpp_initialize__aeabi_                  - Undefined Weak Reference
    __cxa_finalize                            - Undefined Weak Reference
    __rt_locale                               - Undefined Weak Reference
    __sigvec_lookup                           - Undefined Weak Reference
    _atexit_init                              - Undefined Weak Reference
    _call_atexit_fns                          - Undefined Weak Reference
    _clock_init                               - Undefined Weak Reference
    _fp_trap_init                             - Undefined Weak Reference
    _fp_trap_shutdown                         - Undefined Weak Reference
    _get_lc_collate                           - Undefined Weak Reference
    _get_lc_ctype                             - Undefined Weak Reference
    _get_lc_monetary                          - Undefined Weak Reference
    _get_lc_numeric                           - Undefined Weak Reference
    _get_lc_time                              - Undefined Weak Reference
    _getenv_init                              - Undefined Weak Reference
    _handle_redirection                       - Undefined Weak Reference
    _init_alloc                               - Undefined Weak Reference
    _init_user_alloc                          - Undefined Weak Reference
    _initio                                   - Undefined Weak Reference
    _rand_init                                - Undefined Weak Reference
    _signal_finish                            - Undefined Weak Reference
    _signal_init                              - Undefined Weak Reference
    _terminate_alloc                          - Undefined Weak Reference
    _terminate_user_alloc                     - Undefined Weak Reference
    _terminateio                              - Undefined Weak Reference
    Reset_Handler                            0x0000026d   Thumb Code     0  startup.o(RESET)
    NMI_Handler                              0x00000271   Thumb Code     2  startup.o(RESET)
    HardFault_Handler                        0x00000273   Thumb Code     2  startup.o(RESET)
    MemManage_Handler                        0x00000275   Thumb Code     2  startup.o(RESET)
    BusFault_Handler                         0x00000277   Thumb Code     2  startup.o(RESET)
    UsageFault_Handler                       0x00000279   Thumb Code     2  startup.o(RESET)
    SVC_Handler                              0x0000027b   Thumb Code     2  startup.o(RESET)
    DebugMon_Handler                         0x0000027d   Thumb Code     2  startup.o(RESET)
    PendSV_Handler                           0x0000027f   Thumb Code     2  startup.o(RESET)
    SysTick_Handler                          0x00000281   Thumb Code     2  startup.o(RESET)
    ADC0Seq0_Handler                         0x00000283   Thumb Code     0  startup.o(RESET)
    ADC0Seq1_Handler                         0x00000283   Thumb Code     0  startup.o(RESET)
    ADC0Seq2_Handler                         0x00000283   Thumb Code     0  startup.o(RESET)
    ADC0Seq3_Handler                         0x00000283   Thumb Code     0  startup.o(RESET)
    ADC1Seq0_Handler                         0x00000283   Thumb Code     0  startup.o(RESET)
    ADC1Seq1_Handler                         0x00000283   Thumb Code     0  startup.o(RESET)
    ADC1Seq2_Handler                         0x00000283   Thumb Code     0  startup.o(RESET)
    ADC1Seq3_Handler                         0x00000283   Thumb Code     0  startup.o(RESET)
    CAN0_Handler                             0x00000283   Thumb Code     0  startup.o(RESET)
    CAN1_Handler                             0x00000283   Thumb Code     0  startup.o(RESET)
    CAN2_Handler                             0x00000283   Thumb Code     0  startup.o(RESET)
    Comp0_Handler                            0x00000283   Thumb Code     0  startup.o(RESET)
    Comp1_Handler                            0x00000283   Thumb Code     0  startup.o(RESET)
    Comp2_Handler                            0x00000283   Thumb Code     0  startup.o(RESET)
    Ethernet_Handler                         0x00000283   Thumb Code     0  startup.o(RESET)
    ExtBus_Handler                           0x00000283   Thumb Code     0  startup.o(RESET)
    FPU_Handler                              0x00000283   Thumb Code     0  startup.o(RESET)
    Fan0_Handler                             0x00000283   Thumb Code     0  startup.o(RESET)
    FlashCtl_Handler                         0x00000283   Thumb Code     0  startup.o(RESET)
    GPIOPortA_Handler                        0x00000283   Thumb Code     0  startup.o(RESET)
    GPIOPortB_Handler                        0x00000283   Thumb Code     0  startup.o(RESET)
    GPIOPortC_Handler                        0x00000283   Thumb Code     0  startup.o(RESET)
    GPIOPortD_Handler                        0x00000283   Thumb Code     0  startup.o(RESET)
    GPIOPortE_Handler                        0x00000283   Thumb Code     0  startup.o(RESET)
    GPIOPortG_Handler                        0x00000283   Thumb Code     0  startup.o(RESET)
    GPIOPortH_Handler                        0x00000283   Thumb Code     0  startup.o(RESET)
    GPIOPortJ_Handler                        0x00000283   Thumb Code     0  startup.o(RESET)
    GPIOPortK_Handler                        0x00000283   Thumb Code     0  startup.o(RESET)
    GPIOPortL_Handler                        0x00000283   Thumb Code     0  startup.o(RESET)
    GPIOPortM_Handler                        0x00000283   Thumb Code     0  startup.o(RESET)
    GPIOPortN_Handler                        0x00000283   Thumb Code     0  startup.o(RESET)
    GPIOPortP1_Handler                       0x00000283   Thumb Code     0  startup.o(RESET)
    GPIOPortP2_Handler                       0x00000283   Thumb Code     0  startup.o(RESET)
    GPIOPortP3_Handler                       0x00000283   Thumb Code     0  startup.o(RESET)
    GPIOPortP4_Handler                       0x00000283   Thumb Code     0  startup.o(RESET)
    GPIOPortP5_Handler                       0x00000283   Thumb Code     0  startup.o(RESET)
    GPIOPortP6_Handler                       0x00000283   Thumb Code     0  startup.o(RESET)
    GPIOPortP7_Handler                       0x00000283   Thumb Code     0  startup.o(RESET)
    GPIOPortP_Handler                        0x00000283   Thumb Code     0  startup.o(RESET)
    GPIOPortQ1_Handler                       0x00000283   Thumb Code     0  startup.o(RESET)
    GPIOPortQ2_Handler                       0x00000283   Thumb Code     0  startup.o(RESET)
    GPIOPortQ3_Handler                       0x00000283   Thumb Code     0  startup.o(RESET)
    GPIOPortQ4_Handler                       0x00000283   Thumb Code     0  startup.o(RESET)
    GPIOPortQ5_Handler                       0x00000283   Thumb Code     0  startup.o(RESET)
    GPIOPortQ6_Handler                       0x00000283   Thumb Code     0  startup.o(RESET)
    GPIOPortQ7_Handler                       0x00000283   Thumb Code     0  startup.o(RESET)
    GPIOPortQ_Handler                        0x00000283   Thumb Code     0  startup.o(RESET)
    GPIOPortR_Handler                        0x00000283   Thumb Code     0  startup.o(RESET)
    GPIOPortS_Handler                        0x00000283   Thumb Code     0  startup.o(RESET)
    Hibernate_Handler                        0x00000283   Thumb Code     0  startup.o(RESET)
    I2C0_Handler                             0x00000283   Thumb Code     0  startup.o(RESET)
    I2C1_Handler                             0x00000283   Thumb Code     0  startup.o(RESET)
    I2C2_Handler                             0x00000283   Thumb Code     0  startup.o(RESET)
    I2C3_Handler                             0x00000283   Thumb Code     0  startup.o(RESET)
    I2C4_Handler                             0x00000283   Thumb Code     0  startup.o(RESET)
    I2C5_Handler                             0x00000283   Thumb Code     0  startup.o(RESET)
    I2S0_Handler                             0x00000283   Thumb Code     0  startup.o(RESET)
    LPC0_Handler                             0x00000283   Thumb Code     0  startup.o(RESET)
    PECI0_Handler                            0x00000283   Thumb Code     0  startup.o(RESET)
    PWM0Fault_Handler                        0x00000283   Thumb Code     0  startup.o(RESET)
    PWM0Generator0_Handler                   0x00000283   Thumb Code     0  startup.o(RESET)
    PWM0Generator1_Handler                   0x00000283   Thumb Code     0  startup.o(RESET)
    PWM0Generator2_Handler                   0x00000283   Thumb Code     0  startup.o(RESET)
    PWM0Generator3_Handler                   0x00000283   Thumb Code     0  startup.o(RESET)
    PWM1Fault_Handler                        0x00000283   Thumb Code     0  startup.o(RESET)
    PWM1Generator0_Handler                   0x00000283   Thumb Code     0  startup.o(RESET)
    PWM1Generator1_Handler                   0x00000283   Thumb Code     0  startup.o(RESET)
    PWM1Generator2_Handler                   0x00000283   Thumb Code     0  startup.o(RESET)
    PWM1Generator3_Handler                   0x00000283   Thumb Code     0  startup.o(RESET)
    Quadrature0_Handler                      0x00000283   Thumb Code     0  startup.o(RESET)
    Quadrature1_Handler                      0x00000283   Thumb Code     0  startup.o(RESET)
    Quadrature2_Handler                      0x00000283   Thumb Code     0  startup.o(RESET)
    SSI0_Handler                             0x00000283   Thumb Code     0  startup.o(RESET)
    SSI1_Handler                             0x00000283   Thumb Code     0  startup.o(RESET)
    SSI2_Handler                             0x00000283   Thumb Code     0  startup.o(RESET)
    SSI3_Handler                             0x00000283   Thumb Code     0  startup.o(RESET)
    SysCtl_Handler                           0x00000283   Thumb Code     0  startup.o(RESET)
    Timer0A_Handler                          0x00000283   Thumb Code     0  startup.o(RESET)
    Timer0B_Handler                          0x00000283   Thumb Code     0  startup.o(RESET)
    Timer1A_Handler                          0x00000283   Thumb Code     0  startup.o(RESET)
    Timer1B_Handler                          0x00000283   Thumb Code     0  startup.o(RESET)
    Timer2A_Handler                          0x00000283   Thumb Code     0  startup.o(RESET)
    Timer2B_Handler                          0x00000283   Thumb Code     0  startup.o(RESET)
    Timer3A_Handler                          0x00000283   Thumb Code     0  startup.o(RESET)
    Timer3B_Handler                          0x00000283   Thumb Code     0  startup.o(RESET)
    Timer4B_Handler                          0x00000283   Thumb Code     0  startup.o(RESET)
    Timer5B_Handler                          0x00000283   Thumb Code     0  startup.o(RESET)
    UART0_Handler                            0x00000283   Thumb Code     0  startup.o(RESET)
    UART1_Handler                            0x00000283   Thumb Code     0  startup.o(RESET)
    UART2_Handler                            0x00000283   Thumb Code     0  startup.o(RESET)
    UART3_Handler                            0x00000283   Thumb Code     0  startup.o(RESET)
    UART4_Handler                            0x00000283   Thumb Code     0  startup.o(RESET)
    UART5_Handler                            0x00000283   Thumb Code     0  startup.o(RESET)
    UART6_Handler                            0x00000283   Thumb Code     0  startup.o(RESET)
    UART7_Handler                            0x00000283   Thumb Code     0  startup.o(RESET)
    USB0_Handler                             0x00000283   Thumb Code     0  startup.o(RESET)
    WDT_Handler                              0x00000283   Thumb Code     0  startup.o(RESET)
    WideTimer0A_Handler                      0x00000283   Thumb Code     0  startup.o(RESET)
    WideTimer0B_Handler                      0x00000283   Thumb Code     0  startup.o(RESET)
    WideTimer1A_Handler                      0x00000283   Thumb Code     0  startup.o(RESET)
    WideTimer1B_Handler                      0x00000283   Thumb Code     0  startup.o(RESET)
    WideTimer2A_Handler                      0x00000283   Thumb Code     0  startup.o(RESET)
    WideTimer2B_Handler                      0x00000283   Thumb Code     0  startup.o(RESET)
    WideTimer3A_Handler                      0x00000283   Thumb Code     0  startup.o(RESET)
    WideTimer3B_Handler                      0x00000283   Thumb Code     0  startup.o(RESET)
    WideTimer4A_Handler                      0x00000283   Thumb Code     0  startup.o(RESET)
    WideTimer4B_Handler                      0x00000283   Thumb Code     0  startup.o(RESET)
    WideTimer5A_Handler                      0x00000283   Thumb Code     0  startup.o(RESET)
    WideTimer5B_Handler                      0x00000283   Thumb Code     0  startup.o(RESET)
    uDMA_Error                               0x00000283   Thumb Code     0  startup.o(RESET)
    uDMA_Handler                             0x00000283   Thumb Code     0  startup.o(RESET)
    __main                                   0x00000285   Thumb Code     8  __main.o(!!!main)
    __scatterload                            0x0000028d   Thumb Code     0  __scatter.o(!!!scatter)
    __scatterload_rt2                        0x0000028d   Thumb Code    44  __scatter.o(!!!scatter)
    __scatterload_rt2_thumb_only             0x0000028d   Thumb Code     0  __scatter.o(!!!scatter)
    __scatterload_null                       0x0000029b   Thumb Code     0  __scatter.o(!!!scatter)
    __scatterload_copy                       0x000002c1   Thumb Code    26  __scatter_copy.o(!!handler_copy)
    __scatterload_zeroinit                   0x000002dd   Thumb Code    28  __scatter_zi.o(!!handler_zi)
    __rt_lib_init                            0x000002f9   Thumb Code     0  libinit.o(.ARM.Collect$$libinit$$00000000)
    __rt_lib_init_alloca_1                   0x000002fb   Thumb Code     0  libinit2.o(.ARM.Collect$$libinit$$0000002C)
    __rt_lib_init_argv_1                     0x000002fb   Thumb Code     0  libinit2.o(.ARM.Collect$$libinit$$0000002A)
    __rt_lib_init_atexit_1                   0x000002fb   Thumb Code     0  libinit2.o(.ARM.Collect$$libinit$$00000019)
    __rt_lib_init_clock_1                    0x000002fb   Thumb Code     0  libinit2.o(.ARM.Collect$$libinit$$0000001F)
    __rt_lib_init_cpp_1                      0x000002fb   Thumb Code     0  libinit2.o(.ARM.Collect$$libinit$$00000030)
    __rt_lib_init_exceptions_1               0x000002fb   Thumb Code     0  libinit2.o(.ARM.Collect$$libinit$$0000002E)
    __rt_lib_init_fp_1                       0x000002fb   Thumb Code     0  libinit2.o(.ARM.Collect$$libinit$$00000002)
    __rt_lib_init_fp_trap_1                  0x000002fb   Thumb Code     0  libinit2.o(.ARM.Collect$$libinit$$0000001D)
    __rt_lib_init_getenv_1                   0x000002fb   Thumb Code     0  libinit2.o(.ARM.Collect$$libinit$$00000021)
    __rt_lib_init_heap_1                     0x000002fb   Thumb Code     0  libinit2.o(.ARM.Collect$$libinit$$00000008)
    __rt_lib_init_lc_collate_1               0x000002fb   Thumb Code     0  libinit2.o(.ARM.Collect$$libinit$$0000000F)
    __rt_lib_init_lc_ctype_1                 0x000002fb   Thumb Code     0  libinit2.o(.ARM.Collect$$libinit$$00000011)
    __rt_lib_init_lc_monetary_1              0x000002fb   Thumb Code     0  libinit2.o(.ARM.Collect$$libinit$$00000013)
    __rt_lib_init_lc_numeric_1               0x000002fb   Thumb Code     0  libinit2.o(.ARM.Collect$$libinit$$00000015)
    __rt_lib_init_lc_time_1                  0x000002fb   Thumb Code     0  libinit2.o(.ARM.Collect$$libinit$$00000017)
    __rt_lib_init_rand_1                     0x000002fb   Thumb Code     0  libinit2.o(.ARM.Collect$$libinit$$0000000C)
    __rt_lib_init_return                     0x000002fb   Thumb Code     0  libinit2.o(.ARM.Collect$$libinit$$00000031)
    __rt_lib_init_signal_1                   0x000002fb   Thumb Code     0  libinit2.o(.ARM.Collect$$libinit$$0000001B)
    __rt_lib_init_stdio_1                    0x000002fb   Thumb Code     0  libinit2.o(.ARM.Collect$$libinit$$00000023)
    __rt_lib_init_user_alloc_1               0x000002fb   Thumb Code     0  libinit2.o(.ARM.Collect$$libinit$$0000000A)
    __rt_lib_shutdown                        0x000002fd   Thumb Code     0  libshutdown.o(.ARM.Collect$$libshutdown$$00000000)
    __rt_lib_shutdown_fp_trap_1              0x000002ff   Thumb Code     0  libshutdown2.o(.ARM.Collect$$libshutdown$$00000006)
    __rt_lib_shutdown_heap_1                 0x000002ff   Thumb Code     0  libshutdown2.o(.ARM.Collect$$libshutdown$$0000000E)
    __rt_lib_shutdown_return                 0x000002ff   Thumb Code     0  libshutdown2.o(.ARM.Collect$$libshutdown$$0000000F)
    __rt_lib_shutdown_signal_1               0x000002ff   Thumb Code     0  libshutdown2.o(.ARM.Collect$$libshutdown$$00000009)
    __rt_lib_shutdown_stdio_1                0x000002ff   Thumb Code     0  libshutdown2.o(.ARM.Collect$$libshutdown$$00000003)
    __rt_lib_shutdown_user_alloc_1           0x000002ff   Thumb Code     0  libshutdown2.o(.ARM.Collect$$libshutdown$$0000000B)
    __rt_entry                               0x00000301   Thumb Code     0  rtentry.o(.ARM.Collect$$rtentry$$00000000)
    __rt_entry_presh_1                       0x00000301   Thumb Code     0  rtentry2.o(.ARM.Collect$$rtentry$$00000002)
    __rt_entry_sh                            0x00000301   Thumb Code     0  rtentry4.o(.ARM.Collect$$rtentry$$00000004)
    __rt_entry_li                            0x00000307   Thumb Code     0  rtentry2.o(.ARM.Collect$$rtentry$$0000000A)
    __rt_entry_postsh_1                      0x00000307   Thumb Code     0  rtentry2.o(.ARM.Collect$$rtentry$$00000009)
    __rt_entry_main                          0x0000030b   Thumb Code     0  rtentry2.o(.ARM.Collect$$rtentry$$0000000D)
    __rt_entry_postli_1                      0x0000030b   Thumb Code     0  rtentry2.o(.ARM.Collect$$rtentry$$0000000C)
    __rt_exit                                0x00000313   Thumb Code     0  rtexit.o(.ARM.Collect$$rtexit$$00000000)
    __rt_exit_ls                             0x00000315   Thumb Code     0  rtexit2.o(.ARM.Collect$$rtexit$$00000003)
    __rt_exit_prels_1                        0x00000315   Thumb Code     0  rtexit2.o(.ARM.Collect$$rtexit$$00000002)
    __rt_exit_exit                           0x00000319   Thumb Code     0  rtexit2.o(.ARM.Collect$$rtexit$$00000004)
    DisableInterrupts                        0x00000321   Thumb Code     0  startup.o(.text)
    EnableInterrupts                         0x00000325   Thumb Code     0  startup.o(.text)
    StartCritical                            0x00000329   Thumb Code     0  startup.o(.text)
    EndCritical                              0x00000331   Thumb Code     0  startup.o(.text)
    WaitForInterrupt                         0x00000337   Thumb Code     0  startup.o(.text)
    __user_initial_stackheap                 0x0000033b   Thumb Code     0  startup.o(.text)
    Random_Init                              0x00000351   Thumb Code     0  random.o(.text)
    Random32                                 0x0000035b   Thumb Code     2  random.o(.text)
    Random                                   0x0000036d   Thumb Code     2  random.o(.text)
    __use_two_region_memory                  0x00000391   Thumb Code     2  heapauxi.o(.text)
    __rt_heap_escrow$2region                 0x00000393   Thumb Code     2  heapauxi.o(.text)
    __rt_heap_expand$2region                 0x00000395   Thumb Code     2  heapauxi.o(.text)
    __user_setup_stackheap                   0x00000397   Thumb Code    74  sys_stackheap_outer.o(.text)
    exit                                     0x000003e1   Thumb Code    12  exit.o(.text)
    __user_libspace                          0x000003ed   Thumb Code     8  libspace.o(.text)
    __user_perproc_libspace                  0x000003ed   Thumb Code     0  libspace.o(.text)
    __user_perthread_libspace                0x000003ed   Thumb Code     0  libspace.o(.text)
    _sys_exit                                0x000003f5   Thumb Code     8  sys_exit.o(.text)
    __I$use$semihosting                      0x00000401   Thumb Code     0  use_no_semi.o(.text)
    __use_no_semihosting_swi                 0x00000401   Thumb Code     2  use_no_semi.o(.text)
    __semihosting_library_function           0x00000403   Thumb Code     0  indicate_semi.o(.text)
    ADC1_In                                  0x00000405   Thumb Code     6  texas.o(i.ADC1_In)
    ADC1_Init                                0x00000411   Thumb Code   174  texas.o(i.ADC1_Init)
    Again                                    0x000004e5   Thumb Code    86  game.o(i.Again)
    ButtonsInit                              0x00000569   Thumb Code   384  game.o(i.ButtonsInit)
    Display_Who_wins                         0x000006e9   Thumb Code    74  game.o(i.Display_Who_wins)
    EndGame                                  0x00000749   Thumb Code    48  game.o(i.EndGame)
    GPIOPortF_Handler                        0x00000785   Thumb Code   226  main.o(i.GPIOPortF_Handler)
    GPIO_ClearInterrupt                      0x00000881   Thumb Code   114  gpio.o(i.GPIO_ClearInterrupt)
    GPIO_DigitalEnable                       0x0000090d   Thumb Code   236  gpio.o(i.GPIO_DigitalEnable)
    GPIO_EnableInterrupt                     0x00000a11   Thumb Code   114  gpio.o(i.GPIO_EnableInterrupt)
    GPIO_InterruptBothEdges                  0x00000a9d   Thumb Code   236  gpio.o(i.GPIO_InterruptBothEdges)
    GPIO_PullUp                              0x00000ba1   Thumb Code   236  gpio.o(i.GPIO_PullUp)
    GPIO_ReadPinValue                        0x00000ca5   Thumb Code   144  gpio.o(i.GPIO_ReadPinValue)
    GPIO_SelectInterruptEvent                0x00000d4d   Thumb Code   236  gpio.o(i.GPIO_SelectInterruptEvent)
    GPIO_SelectInterruptSense                0x00000e51   Thumb Code   224  gpio.o(i.GPIO_SelectInterruptSense)
    GPIO_SetPinDirection                     0x00000f49   Thumb Code   236  gpio.o(i.GPIO_SetPinDirection)
    Led_Init                                 0x0000104d   Thumb Code   124  game.o(i.Led_Init)
    NVIC_Enable                              0x000010c9   Thumb Code    74  interrupt.o(i.NVIC_Enable)
    Nokia5110_Clear                          0x00001125   Thumb Code    32  nokia5110.o(i.Nokia5110_Clear)
    Nokia5110_ClearBuffer                    0x00001145   Thumb Code    20  nokia5110.o(i.Nokia5110_ClearBuffer)
    Nokia5110_DisplayBuffer                  0x0000115d   Thumb Code    10  nokia5110.o(i.Nokia5110_DisplayBuffer)
    Nokia5110_DrawFullImage                  0x0000116d   Thumb Code    34  nokia5110.o(i.Nokia5110_DrawFullImage)
    Nokia5110_Init                           0x00001191   Thumb Code   316  nokia5110.o(i.Nokia5110_Init)
    Nokia5110_OutChar                        0x000012fd   Thumb Code    52  nokia5110.o(i.Nokia5110_OutChar)
    Nokia5110_OutString                      0x00001335   Thumb Code    22  nokia5110.o(i.Nokia5110_OutString)
    Nokia5110_PrintBMP                       0x0000134d   Thumb Code   420  nokia5110.o(i.Nokia5110_PrintBMP)
    Nokia5110_SetCursor                      0x000014f5   Thumb Code    48  nokia5110.o(i.Nokia5110_SetCursor)
    PLL_Init                                 0x00001525   Thumb Code   118  texas.o(i.PLL_Init)
    PortB_Init                               0x000015a1   Thumb Code    68  gpio.o(i.PortB_Init)
    PortF_Init                               0x00001609   Thumb Code   146  gpio.o(i.PortF_Init)
    Reset                                    0x000016c5   Thumb Code    82  game.o(i.Reset)
    SetCode                                  0x00001735   Thumb Code    20  texas.o(i.SetCode)
    SetCourse                                0x0000174d   Thumb Code    20  texas.o(i.SetCourse)
    Start                                    0x00001765   Thumb Code  2444  game.o(i.Start)
    TExaS_Init                               0x0000211d   Thumb Code   324  texas.o(i.TExaS_Init)
    Timer2_delay                             0x000022e1   Thumb Code    86  timer.o(i.Timer2_delay)
    Timer4A_Handler                          0x0000234d   Thumb Code    20  texas.o(i.Timer4A_Handler)
    Timer5A_Handler                          0x0000236d   Thumb Code    34  texas.o(i.Timer5A_Handler)
    UART0_Init                               0x0000239d   Thumb Code   160  texas.o(i.UART0_Init)
    UART_InChar                              0x0000245d   Thumb Code    20  uart.o(i.UART_InChar)
    UART_Init                                0x00002475   Thumb Code   126  uart.o(i.UART_Init)
    UART_OutChar                             0x0000250d   Thumb Code    18  uart.o(i.UART_OutChar)
    UART_OutString                           0x00002525   Thumb Code    22  uart.o(i.UART_OutString)
    Welcome                                  0x0000253d   Thumb Code    42  game.o(i.Welcome)
    Who_Wins                                 0x00002581   Thumb Code  1124  game.o(i.Who_Wins)
    equality                                 0x000029e9   Thumb Code   192  game.o(i.equality)
    main                                     0x00002b19   Thumb Code   258  main.o(i.main)
    matrix                                   0x00002c71   Thumb Code   342  game.o(i.matrix)
    player_turn                              0x00002dcd   Thumb Code    46  game.o(i.player_turn)
    select_Mode                              0x00002e09   Thumb Code    90  game.o(i.select_Mode)
    NoInputMsg                               0x00003074   Data          40  texas.o(.constdata)
    OutputPortMsg0                           0x0000309c   Data          40  texas.o(.constdata)
    OutputPortMsg1                           0x000030c4   Data          40  texas.o(.constdata)
    OutputPortMsg2                           0x000030ec   Data          40  texas.o(.constdata)
    OutputPortMsg3                           0x00003114   Data          40  texas.o(.constdata)
    BlankMsg                                 0x0000313c   Data          40  texas.o(.constdata)
    InitializedMsg                           0x00003164   Data          40  texas.o(.constdata)
    IntroMsg                                 0x0000318c   Data          40  texas.o(.constdata)
    DoneMsg                                  0x000031b4   Data          40  texas.o(.constdata)
    Cell                                     0x000033bc   Data         231  game.o(.constdata)
    X                                        0x000034a3   Data         231  game.o(.constdata)
    O                                        0x0000358a   Data         231  game.o(.constdata)
    hoveredSquare                            0x00003671   Data         231  game.o(.constdata)
    hoveredX                                 0x00003758   Data         231  game.o(.constdata)
    hoveredO                                 0x0000383f   Data         231  game.o(.constdata)
    intro                                    0x00003926   Data        2231  game.o(.constdata)
    border                                   0x000041dd   Data        2231  game.o(.constdata)
    Region$$Table$$Base                      0x00004a94   Number         0  anon$$obj.o(Region$$Table)
    Region$$Table$$Limit                     0x00004ab4   Number         0  anon$$obj.o(Region$$Table)
    TExaS_Period                             0x20000000   Data           4  texas.o(.data)
    TExaS_Ports                              0x20000004   Data           8  texas.o(.data)
    Display                                  0x2000000c   Data           1  texas.o(.data)
    TExaS_Meter                              0x20000010   Data           4  texas.o(.data)
    ADCnum                                   0x20000014   Data           4  texas.o(.data)
    LastMode                                 0x20000018   Data           4  texas.o(.data)
    bFlag                                    0x2000001c   Data           4  texas.o(.data)
    Count                                    0x20000020   Data           4  texas.o(.data)
    DelayBetweenTests                        0x20000024   Data           4  texas.o(.data)
    TExaS_Test                               0x20000028   Data           4  texas.o(.data)
    ScopeMode                                0x2000002c   Data           4  texas.o(.data)
    ScopeCount                               0x20000030   Data           4  texas.o(.data)
    delay                                    0x20000034   Data           4  gpio.o(.data)
    TimerCountt                              0x20000038   Data           4  timer.o(.data)
    Semaphoree                               0x2000003c   Data           4  timer.o(.data)
    p_Cells                                  0x20000040   Data           1  game.o(.data)
    curr_Cell                                0x20000041   Data           1  game.o(.data)
    x_Win                                    0x20000042   Data           1  game.o(.data)
    o_Win                                    0x20000043   Data           1  game.o(.data)
    p_letter                                 0x20000044   Data           1  game.o(.data)
    i                                        0x20000045   Data           1  game.o(.data)
    uart                                     0x20000048   Data           1  main.o(.data)
    right                                    0x20000049   Data           1  main.o(.data)
    left                                     0x2000004a   Data           1  main.o(.data)
    up                                       0x2000004b   Data           1  main.o(.data)
    down                                     0x2000004c   Data           1  main.o(.data)
    flag                                     0x2000004d   Data           1  main.o(.data)
    TimerCount                               0x20000050   Data           4  main.o(.data)
    Semaphore                                0x20000054   Data           4  main.o(.data)
    n                                        0x20000058   Data           1  main.o(.data)
    Screen                                   0x20000060   Data         504  nokia5110.o(.bss)
    TExaS                                    0x20000258   Data          56  texas.o(.bss)
    G_Matrix                                 0x20000290   Data           9  game.o(.bss)
    __libspace_start                         0x2000029c   Data          96  libspace.o(.bss)
    __temporary_stack_top$libspace           0x200002fc   Data           0  libspace.o(.bss)



==============================================================================

Memory Map of the image

  Image Entry point : 0x0000026d

  Load Region LR_1 (Base: 0x00000000, Size: 0x00004b14, Max: 0xffffffff, ABSOLUTE)

    Execution Region ER_RO (Base: 0x00000000, Size: 0x00004ab4, Max: 0xffffffff, ABSOLUTE)

    Base Addr    Size         Type   Attr      Idx    E Section Name        Object

    0x00000000   0x00000284   Code   RO            3  * RESET               startup.o
    0x00000284   0x00000008   Code   RO          586  * !!!main             c_w.l(__main.o)
    0x0000028c   0x00000034   Code   RO          740    !!!scatter          c_w.l(__scatter.o)
    0x000002c0   0x0000001a   Code   RO          742    !!handler_copy      c_w.l(__scatter_copy.o)
    0x000002da   0x00000002   PAD
    0x000002dc   0x0000001c   Code   RO          744    !!handler_zi        c_w.l(__scatter_zi.o)
    0x000002f8   0x00000002   Code   RO          613    .ARM.Collect$$libinit$$00000000  c_w.l(libinit.o)
    0x000002fa   0x00000000   Code   RO          620    .ARM.Collect$$libinit$$00000002  c_w.l(libinit2.o)
    0x000002fa   0x00000000   Code   RO          623    .ARM.Collect$$libinit$$00000008  c_w.l(libinit2.o)
    0x000002fa   0x00000000   Code   RO          625    .ARM.Collect$$libinit$$0000000A  c_w.l(libinit2.o)
    0x000002fa   0x00000000   Code   RO          627    .ARM.Collect$$libinit$$0000000C  c_w.l(libinit2.o)
    0x000002fa   0x00000000   Code   RO          630    .ARM.Collect$$libinit$$0000000F  c_w.l(libinit2.o)
    0x000002fa   0x00000000   Code   RO          632    .ARM.Collect$$libinit$$00000011  c_w.l(libinit2.o)
    0x000002fa   0x00000000   Code   RO          634    .ARM.Collect$$libinit$$00000013  c_w.l(libinit2.o)
    0x000002fa   0x00000000   Code   RO          636    .ARM.Collect$$libinit$$00000015  c_w.l(libinit2.o)
    0x000002fa   0x00000000   Code   RO          638    .ARM.Collect$$libinit$$00000017  c_w.l(libinit2.o)
    0x000002fa   0x00000000   Code   RO          640    .ARM.Collect$$libinit$$00000019  c_w.l(libinit2.o)
    0x000002fa   0x00000000   Code   RO          642    .ARM.Collect$$libinit$$0000001B  c_w.l(libinit2.o)
    0x000002fa   0x00000000   Code   RO          644    .ARM.Collect$$libinit$$0000001D  c_w.l(libinit2.o)
    0x000002fa   0x00000000   Code   RO          646    .ARM.Collect$$libinit$$0000001F  c_w.l(libinit2.o)
    0x000002fa   0x00000000   Code   RO          648    .ARM.Collect$$libinit$$00000021  c_w.l(libinit2.o)
    0x000002fa   0x00000000   Code   RO          650    .ARM.Collect$$libinit$$00000023  c_w.l(libinit2.o)
    0x000002fa   0x00000000   Code   RO          654    .ARM.Collect$$libinit$$0000002A  c_w.l(libinit2.o)
    0x000002fa   0x00000000   Code   RO          656    .ARM.Collect$$libinit$$0000002C  c_w.l(libinit2.o)
    0x000002fa   0x00000000   Code   RO          658    .ARM.Collect$$libinit$$0000002E  c_w.l(libinit2.o)
    0x000002fa   0x00000000   Code   RO          660    .ARM.Collect$$libinit$$00000030  c_w.l(libinit2.o)
    0x000002fa   0x00000002   Code   RO          661    .ARM.Collect$$libinit$$00000031  c_w.l(libinit2.o)
    0x000002fc   0x00000002   Code   RO          681    .ARM.Collect$$libshutdown$$00000000  c_w.l(libshutdown.o)
    0x000002fe   0x00000000   Code   RO          695    .ARM.Collect$$libshutdown$$00000003  c_w.l(libshutdown2.o)
    0x000002fe   0x00000000   Code   RO          698    .ARM.Collect$$libshutdown$$00000006  c_w.l(libshutdown2.o)
    0x000002fe   0x00000000   Code   RO          701    .ARM.Collect$$libshutdown$$00000009  c_w.l(libshutdown2.o)
    0x000002fe   0x00000000   Code   RO          703    .ARM.Collect$$libshutdown$$0000000B  c_w.l(libshutdown2.o)
    0x000002fe   0x00000000   Code   RO          706    .ARM.Collect$$libshutdown$$0000000E  c_w.l(libshutdown2.o)
    0x000002fe   0x00000002   Code   RO          707    .ARM.Collect$$libshutdown$$0000000F  c_w.l(libshutdown2.o)
    0x00000300   0x00000000   Code   RO          588    .ARM.Collect$$rtentry$$00000000  c_w.l(rtentry.o)
    0x00000300   0x00000000   Code   RO          590    .ARM.Collect$$rtentry$$00000002  c_w.l(rtentry2.o)
    0x00000300   0x00000006   Code   RO          602    .ARM.Collect$$rtentry$$00000004  c_w.l(rtentry4.o)
    0x00000306   0x00000000   Code   RO          592    .ARM.Collect$$rtentry$$00000009  c_w.l(rtentry2.o)
    0x00000306   0x00000004   Code   RO          593    .ARM.Collect$$rtentry$$0000000A  c_w.l(rtentry2.o)
    0x0000030a   0x00000000   Code   RO          595    .ARM.Collect$$rtentry$$0000000C  c_w.l(rtentry2.o)
    0x0000030a   0x00000008   Code   RO          596    .ARM.Collect$$rtentry$$0000000D  c_w.l(rtentry2.o)
    0x00000312   0x00000002   Code   RO          617    .ARM.Collect$$rtexit$$00000000  c_w.l(rtexit.o)
    0x00000314   0x00000000   Code   RO          663    .ARM.Collect$$rtexit$$00000002  c_w.l(rtexit2.o)
    0x00000314   0x00000004   Code   RO          664    .ARM.Collect$$rtexit$$00000003  c_w.l(rtexit2.o)
    0x00000318   0x00000006   Code   RO          665    .ARM.Collect$$rtexit$$00000004  c_w.l(rtexit2.o)
    0x0000031e   0x00000002   PAD
    0x00000320   0x00000030   Code   RO            4    .text               startup.o
    0x00000350   0x00000040   Code   RO           92    .text               random.o
    0x00000390   0x00000006   Code   RO          584    .text               c_w.l(heapauxi.o)
    0x00000396   0x0000004a   Code   RO          604    .text               c_w.l(sys_stackheap_outer.o)
    0x000003e0   0x0000000c   Code   RO          606    .text               c_w.l(exit.o)
    0x000003ec   0x00000008   Code   RO          614    .text               c_w.l(libspace.o)
    0x000003f4   0x0000000c   Code   RO          673    .text               c_w.l(sys_exit.o)
    0x00000400   0x00000002   Code   RO          684    .text               c_w.l(use_no_semi.o)
    0x00000402   0x00000000   Code   RO          686    .text               c_w.l(indicate_semi.o)
    0x00000402   0x00000002   PAD
    0x00000404   0x0000000c   Code   RO           95    i.ADC1_In           texas.o
    0x00000410   0x000000d4   Code   RO           96    i.ADC1_Init         texas.o
    0x000004e4   0x00000084   Code   RO          452    i.Again             game.o
    0x00000568   0x00000180   Code   RO          453    i.ButtonsInit       game.o
    0x000006e8   0x00000060   Code   RO          454    i.Display_Who_wins  game.o
    0x00000748   0x0000003c   Code   RO          455    i.EndGame           game.o
    0x00000784   0x000000fc   Code   RO          557    i.GPIOPortF_Handler  main.o
    0x00000880   0x0000008c   Code   RO          215    i.GPIO_ClearInterrupt  gpio.o
    0x0000090c   0x00000104   Code   RO          216    i.GPIO_DigitalEnable  gpio.o
    0x00000a10   0x0000008c   Code   RO          218    i.GPIO_EnableInterrupt  gpio.o
    0x00000a9c   0x00000104   Code   RO          219    i.GPIO_InterruptBothEdges  gpio.o
    0x00000ba0   0x00000104   Code   RO          221    i.GPIO_PullUp       gpio.o
    0x00000ca4   0x000000a8   Code   RO          222    i.GPIO_ReadPinValue  gpio.o
    0x00000d4c   0x00000104   Code   RO          224    i.GPIO_SelectInterruptEvent  gpio.o
    0x00000e50   0x000000f8   Code   RO          225    i.GPIO_SelectInterruptSense  gpio.o
    0x00000f48   0x00000104   Code   RO          226    i.GPIO_SetPinDirection  gpio.o
    0x0000104c   0x0000007c   Code   RO          456    i.Led_Init          game.o
    0x000010c8   0x0000005c   Code   RO          346    i.NVIC_Enable       interrupt.o
    0x00001124   0x00000020   Code   RO           12    i.Nokia5110_Clear   nokia5110.o
    0x00001144   0x00000018   Code   RO           13    i.Nokia5110_ClearBuffer  nokia5110.o
    0x0000115c   0x00000010   Code   RO           14    i.Nokia5110_DisplayBuffer  nokia5110.o
    0x0000116c   0x00000022   Code   RO           15    i.Nokia5110_DrawFullImage  nokia5110.o
    0x0000118e   0x00000002   PAD
    0x00001190   0x0000016c   Code   RO           16    i.Nokia5110_Init    nokia5110.o
    0x000012fc   0x00000038   Code   RO           17    i.Nokia5110_OutChar  nokia5110.o
    0x00001334   0x00000016   Code   RO           18    i.Nokia5110_OutString  nokia5110.o
    0x0000134a   0x00000002   PAD
    0x0000134c   0x000001a8   Code   RO           20    i.Nokia5110_PrintBMP  nokia5110.o
    0x000014f4   0x00000030   Code   RO           21    i.Nokia5110_SetCursor  nokia5110.o
    0x00001524   0x0000007c   Code   RO           97    i.PLL_Init          texas.o
    0x000015a0   0x00000068   Code   RO          228    i.PortB_Init        gpio.o
    0x00001608   0x000000bc   Code   RO          229    i.PortF_Init        gpio.o
    0x000016c4   0x00000070   Code   RO          457    i.Reset             game.o
    0x00001734   0x00000018   Code   RO           98    i.SetCode           texas.o
    0x0000174c   0x00000018   Code   RO           99    i.SetCourse         texas.o
    0x00001764   0x000009b8   Code   RO          458    i.Start             game.o
    0x0000211c   0x000001c4   Code   RO          103    i.TExaS_Init        texas.o
    0x000022e0   0x0000006c   Code   RO          326    i.Timer2_delay      timer.o
    0x0000234c   0x00000020   Code   RO          105    i.Timer4A_Handler   texas.o
    0x0000236c   0x00000030   Code   RO          106    i.Timer5A_Handler   texas.o
    0x0000239c   0x000000c0   Code   RO          109    i.UART0_Init        texas.o
    0x0000245c   0x00000018   Code   RO          382    i.UART_InChar       uart.o
    0x00002474   0x00000098   Code   RO          385    i.UART_Init         uart.o
    0x0000250c   0x00000018   Code   RO          386    i.UART_OutChar      uart.o
    0x00002524   0x00000016   Code   RO          388    i.UART_OutString    uart.o
    0x0000253a   0x00000002   PAD
    0x0000253c   0x00000044   Code   RO          459    i.Welcome           game.o
    0x00002580   0x00000468   Code   RO          460    i.Who_Wins          game.o
    0x000029e8   0x000000e4   Code   RO          461    i.equality          game.o
    0x00002acc   0x0000004c   Code   RO           22    i.lcdwrite          nokia5110.o
    0x00002b18   0x00000158   Code   RO          558    i.main              main.o
    0x00002c70   0x0000015c   Code   RO          462    i.matrix            game.o
    0x00002dcc   0x0000003c   Code   RO          463    i.player_turn       game.o
    0x00002e08   0x0000008c   Code   RO          464    i.select_Mode       game.o
    0x00002e94   0x000001e0   Data   RO           24    .constdata          nokia5110.o
    0x00003074   0x00000168   Data   RO          114    .constdata          texas.o
    0x000031dc   0x000018b8   Data   RO          466    .constdata          game.o
    0x00004a94   0x00000020   Data   RO          738    Region$$Table       anon$$obj.o


    Execution Region ER_RW (Base: 0x20000000, Size: 0x00000060, Max: 0xffffffff, ABSOLUTE)

    Base Addr    Size         Type   Attr      Idx    E Section Name        Object

    0x20000000   0x00000034   Data   RW          115    .data               texas.o
    0x20000034   0x00000004   Data   RW          230    .data               gpio.o
    0x20000038   0x00000008   Data   RW          327    .data               timer.o
    0x20000040   0x00000006   Data   RW          467    .data               game.o
    0x20000046   0x00000002   PAD
    0x20000048   0x00000011   Data   RW          560    .data               main.o
    0x20000059   0x00000003   PAD
    0x2000005c   0x00000004   Data   RW           91    DATA                random.o


    Execution Region ER_ZI (Base: 0x20000060, Size: 0x000006a0, Max: 0xffffffff, ABSOLUTE)

    Base Addr    Size         Type   Attr      Idx    E Section Name        Object

    0x20000060   0x000001f8   Zero   RW           23    .bss                nokia5110.o
    0x20000258   0x00000038   Zero   RW          113    .bss                texas.o
    0x20000290   0x00000009   Zero   RW          465    .bss                game.o
    0x20000299   0x00000003   PAD
    0x2000029c   0x00000060   Zero   RW          615    .bss                c_w.l(libspace.o)
    0x200002fc   0x00000004   PAD
    0x20000300   0x00000000   Zero   RW            2    HEAP                startup.o
    0x20000300   0x00000400   Zero   RW            1    STACK               startup.o


==============================================================================

Image component sizes


      Code (inc. data)   RO Data    RW Data    ZI Data      Debug   Object Name

      5368        414       6328          6          9       8832   game.o
      2288        352          0          4          0       6995   gpio.o
        92         18          0          0          0        870   interrupt.o
       596        112          0         17          0       1437   main.o
      1096         76        480          0        504       8409   nokia5110.o
        64         14          0          4          0        176   random.o
       692        632          0          0       1024        852   startup.o
      1120        244        360         52         56      15528   texas.o
       108         22          0          8          0        664   timer.o
       222         36          0          0          0       1506   uart.o

    ----------------------------------------------------------------------
     11652       1920       7200         96       1596      45269   Object Totals
         0          0         32          0          0          0   (incl. Generated)
         6          0          0          5          3          0   (incl. Padding)

    ----------------------------------------------------------------------

      Code (inc. data)   RO Data    RW Data    ZI Data      Debug   Library Member Name

         8          0          0          0          0         68   __main.o
        52          8          0          0          0          0   __scatter.o
        26          0          0          0          0          0   __scatter_copy.o
        28          0          0          0          0          0   __scatter_zi.o
        12          0          0          0          0         72   exit.o
         6          0          0          0          0        152   heapauxi.o
         0          0          0          0          0          0   indicate_semi.o
         2          0          0          0          0          0   libinit.o
         2          0          0          0          0          0   libinit2.o
         2          0          0          0          0          0   libshutdown.o
         2          0          0          0          0          0   libshutdown2.o
         8          4          0          0         96         68   libspace.o
         0          0          0          0          0          0   rtentry.o
        12          0          0          0          0          0   rtentry2.o
         6          0          0          0          0          0   rtentry4.o
         2          0          0          0          0          0   rtexit.o
        10          0          0          0          0          0   rtexit2.o
        12          4          0          0          0         68   sys_exit.o
        74          0          0          0          0         80   sys_stackheap_outer.o
         2          0          0          0          0         68   use_no_semi.o

    ----------------------------------------------------------------------
       272         16          0          0        100        576   Library Totals
         6          0          0          0          4          0   (incl. Padding)

    ----------------------------------------------------------------------

      Code (inc. data)   RO Data    RW Data    ZI Data      Debug   Library Name

       266         16          0          0         96        576   c_w.l

    ----------------------------------------------------------------------
       272         16          0          0        100        576   Library Totals

    ----------------------------------------------------------------------

==============================================================================


      Code (inc. data)   RO Data    RW Data    ZI Data      Debug   

     11924       1936       7200         96       1696      43089   Grand Totals
     11924       1936       7200         96       1696      43089   ELF Image Totals
     11924       1936       7200         96          0          0   ROM Totals

==============================================================================

    Total RO  Size (Code + RO Data)                19124 (  18.68kB)
    Total RW  Size (RW Data + ZI Data)              1792 (   1.75kB)
    Total ROM Size (Code + RO Data + RW Data)      19220 (  18.77kB)

==============================================================================

